2026-01-13T13:30:25.072Z info: [0mGET / [36m304[0m 4.684 ms - -[0m
2026-01-13T13:33:35.800Z info: Base SQLite connectée avec succès
2026-01-13T13:39:08.095Z info: Base SQLite connectée avec succès
2026-01-13T13:39:14.172Z info: Base SQLite connectée avec succès
2026-01-13T13:39:37.460Z info: Base SQLite connectée avec succès
2026-01-13T13:39:38.920Z info: [0mGET /api-docs/ [36m304[0m 13.262 ms - -[0m
2026-01-13T13:39:38.987Z info: [0mGET /api-docs/swagger-ui.css [36m304[0m 5.704 ms - -[0m
2026-01-13T13:39:38.990Z info: [0mGET /api-docs/swagger-ui-bundle.js [36m304[0m 6.159 ms - -[0m
2026-01-13T13:39:38.997Z info: [0mGET /api-docs/swagger-ui-standalone-preset.js [36m304[0m 2.086 ms - -[0m
2026-01-13T13:39:39.002Z info: [0mGET /api-docs/swagger-ui-init.js [36m304[0m 0.731 ms - -[0m
2026-01-13T13:39:39.297Z info: [0mGET /api-docs/favicon-32x32.png [36m304[0m 0.922 ms - -[0m
2026-01-13T13:39:41.321Z info: [0mGET /api-docs/ [36m304[0m 1.186 ms - -[0m
2026-01-13T13:39:41.358Z info: [0mGET /api-docs/swagger-ui.css [36m304[0m 3.600 ms - -[0m
2026-01-13T13:39:41.361Z info: [0mGET /api-docs/swagger-ui-bundle.js [36m304[0m 4.839 ms - -[0m
2026-01-13T13:39:41.363Z info: [0mGET /api-docs/swagger-ui-standalone-preset.js [36m304[0m 6.469 ms - -[0m
2026-01-13T13:39:41.366Z info: [0mGET /api-docs/swagger-ui-init.js [36m304[0m 0.655 ms - -[0m
2026-01-13T13:39:41.452Z info: [0mGET /api-docs/favicon-32x32.png [36m304[0m 1.174 ms - -[0m
2026-01-13T13:42:03.375Z info: Server listening on port 3000
2026-01-13T13:42:03.408Z info: Base SQLite connectée avec succès
2026-01-13T13:44:17.591Z info: Server listening on port 3000
2026-01-13T13:44:17.607Z info: Base SQLite connectée avec succès
2026-01-13T13:44:25.253Z info: [0mGET / [36m304[0m 3.926 ms - -[0m
2026-01-13T13:44:30.460Z info: [0mGET / [36m304[0m 1.398 ms - -[0m
2026-01-13T13:53:11.278Z info: Server listening on port 3000
2026-01-13T13:53:11.295Z info: Base SQLite connectée avec succès
2026-01-13T13:53:47.241Z info: Server listening on port 3000
2026-01-13T13:53:47.256Z info: Base SQLite connectée avec succès
2026-01-13T13:54:19.086Z info: Server listening on port 3000
2026-01-13T13:54:19.098Z info: Base SQLite connectée avec succès
2026-01-13T13:54:41.181Z info: Server listening on port 3000
2026-01-13T13:54:41.196Z info: Base SQLite connectée avec succès
2026-01-13T13:54:53.233Z info: Server listening on port 3000
2026-01-13T13:54:53.240Z info: Base SQLite connectée avec succès
2026-01-13T13:55:03.053Z info: Server listening on port 3000
2026-01-13T13:55:03.064Z info: Base SQLite connectée avec succès
2026-01-13T13:55:17.390Z info: Server listening on port 3000
2026-01-13T13:55:17.404Z info: Base SQLite connectée avec succès
2026-01-13T13:55:32.762Z info: Server listening on port 3000
2026-01-13T13:55:32.777Z info: Base SQLite connectée avec succès
2026-01-13T13:55:40.536Z info: Server listening on port 3000
2026-01-13T13:55:40.554Z info: Base SQLite connectée avec succès
2026-01-13T13:56:08.538Z info: Server listening on port 3000
2026-01-13T13:56:08.546Z info: Base SQLite connectée avec succès
2026-01-13T13:56:19.819Z info: Server listening on port 3000
2026-01-13T13:56:19.832Z info: Base SQLite connectée avec succès
2026-01-13T15:33:45.705Z info: GET / 304 28.118 ms -
2026-01-13T15:34:08.655Z info: GET / 304 0.608 ms -
2026-01-13T15:34:10.456Z info: GET / 304 0.239 ms -
2026-01-13T15:34:10.652Z info: GET / 304 1.283 ms -
2026-01-13T15:34:10.839Z info: GET / 304 0.436 ms -
2026-01-13T15:34:59.593Z info: GET / 304 0.296 ms -
2026-01-13T15:36:16.102Z info: Server listening on port 3000
2026-01-13T15:36:16.117Z info: Base SQLite connectée avec succès
2026-01-13T15:38:09.919Z info: Server listening on port 3000
2026-01-13T15:38:09.927Z info: Base SQLite connectée avec succès
2026-01-13T15:38:24.173Z info: GET /api-docs/ 304 6.526 ms -
2026-01-13T15:38:24.215Z info: GET /api-docs/swagger-ui-init.js 200 0.906 ms -
2026-01-13T15:38:24.222Z info: GET /api-docs/swagger-ui.css 304 1.708 ms -
2026-01-13T15:38:24.234Z info: GET /api-docs/swagger-ui-bundle.js 304 1.379 ms -
2026-01-13T15:38:24.239Z info: GET /api-docs/swagger-ui-standalone-preset.js 304 0.924 ms -
2026-01-13T15:39:20.465Z info: Server listening on port 3000
2026-01-13T15:39:20.474Z info: Base SQLite connectée avec succès
2026-01-13T15:45:23.097Z error: Error: Invalid phone
    at Object.register (C:\Users\blachheb\Desktop\Projects\BiscuitImport\BiscuitImport_BK\src\services\auth.service.js:27:17)
    at register (C:\Users\blachheb\Desktop\Projects\BiscuitImport\BiscuitImport_BK\src\controllers\auth.controller.js:7:36)
    at Layer.handleRequest (C:\Users\blachheb\Desktop\Projects\BiscuitImport\BiscuitImport_BK\node_modules\router\lib\layer.js:152:17)
    at next (C:\Users\blachheb\Desktop\Projects\BiscuitImport\BiscuitImport_BK\node_modules\router\lib\route.js:157:13)
    at Route.dispatch (C:\Users\blachheb\Desktop\Projects\BiscuitImport\BiscuitImport_BK\node_modules\router\lib\route.js:117:3)
    at handle (C:\Users\blachheb\Desktop\Projects\BiscuitImport\BiscuitImport_BK\node_modules\router\index.js:435:11)
    at Layer.handleRequest (C:\Users\blachheb\Desktop\Projects\BiscuitImport\BiscuitImport_BK\node_modules\router\lib\layer.js:152:17)
    at C:\Users\blachheb\Desktop\Projects\BiscuitImport\BiscuitImport_BK\node_modules\router\index.js:295:15
    at processParams (C:\Users\blachheb\Desktop\Projects\BiscuitImport\BiscuitImport_BK\node_modules\router\index.js:582:12)
    at next (C:\Users\blachheb\Desktop\Projects\BiscuitImport\BiscuitImport_BK\node_modules\router\index.js:291:5)
2026-01-13T15:45:23.112Z info: POST /auth/register 400 235.059 ms {"first_name":"stringf","last_name":"stringl","email":"string@gmail.com","phone":"string","password":"string"}
2026-01-13T15:45:44.176Z error: Error: Invalid email
    at Object.register (C:\Users\blachheb\Desktop\Projects\BiscuitImport\BiscuitImport_BK\src\services\auth.service.js:22:17)
    at register (C:\Users\blachheb\Desktop\Projects\BiscuitImport\BiscuitImport_BK\src\controllers\auth.controller.js:7:36)
    at Layer.handleRequest (C:\Users\blachheb\Desktop\Projects\BiscuitImport\BiscuitImport_BK\node_modules\router\lib\layer.js:152:17)
    at next (C:\Users\blachheb\Desktop\Projects\BiscuitImport\BiscuitImport_BK\node_modules\router\lib\route.js:157:13)
    at Route.dispatch (C:\Users\blachheb\Desktop\Projects\BiscuitImport\BiscuitImport_BK\node_modules\router\lib\route.js:117:3)
    at handle (C:\Users\blachheb\Desktop\Projects\BiscuitImport\BiscuitImport_BK\node_modules\router\index.js:435:11)
    at Layer.handleRequest (C:\Users\blachheb\Desktop\Projects\BiscuitImport\BiscuitImport_BK\node_modules\router\lib\layer.js:152:17)
    at C:\Users\blachheb\Desktop\Projects\BiscuitImport\BiscuitImport_BK\node_modules\router\index.js:295:15
    at processParams (C:\Users\blachheb\Desktop\Projects\BiscuitImport\BiscuitImport_BK\node_modules\router\index.js:582:12)
    at next (C:\Users\blachheb\Desktop\Projects\BiscuitImport\BiscuitImport_BK\node_modules\router\index.js:291:5)
2026-01-13T15:45:44.178Z info: POST /auth/register 400 1.667 ms {"first_name":"string","last_name":"string","email":"string","phone":"string","password":"string"}
2026-01-13T15:45:45.027Z error: Error: Invalid email
    at Object.register (C:\Users\blachheb\Desktop\Projects\BiscuitImport\BiscuitImport_BK\src\services\auth.service.js:22:17)
    at register (C:\Users\blachheb\Desktop\Projects\BiscuitImport\BiscuitImport_BK\src\controllers\auth.controller.js:7:36)
    at Layer.handleRequest (C:\Users\blachheb\Desktop\Projects\BiscuitImport\BiscuitImport_BK\node_modules\router\lib\layer.js:152:17)
    at next (C:\Users\blachheb\Desktop\Projects\BiscuitImport\BiscuitImport_BK\node_modules\router\lib\route.js:157:13)
    at Route.dispatch (C:\Users\blachheb\Desktop\Projects\BiscuitImport\BiscuitImport_BK\node_modules\router\lib\route.js:117:3)
    at handle (C:\Users\blachheb\Desktop\Projects\BiscuitImport\BiscuitImport_BK\node_modules\router\index.js:435:11)
    at Layer.handleRequest (C:\Users\blachheb\Desktop\Projects\BiscuitImport\BiscuitImport_BK\node_modules\router\lib\layer.js:152:17)
    at C:\Users\blachheb\Desktop\Projects\BiscuitImport\BiscuitImport_BK\node_modules\router\index.js:295:15
    at processParams (C:\Users\blachheb\Desktop\Projects\BiscuitImport\BiscuitImport_BK\node_modules\router\index.js:582:12)
    at next (C:\Users\blachheb\Desktop\Projects\BiscuitImport\BiscuitImport_BK\node_modules\router\index.js:291:5)
2026-01-13T15:45:45.029Z info: POST /auth/register 400 2.719 ms {"first_name":"string","last_name":"string","email":"string","phone":"string","password":"string"}
2026-01-13T15:46:45.698Z error: Error: Invalid phone
    at Object.register (C:\Users\blachheb\Desktop\Projects\BiscuitImport\BiscuitImport_BK\src\services\auth.service.js:27:17)
    at register (C:\Users\blachheb\Desktop\Projects\BiscuitImport\BiscuitImport_BK\src\controllers\auth.controller.js:7:36)
    at Layer.handleRequest (C:\Users\blachheb\Desktop\Projects\BiscuitImport\BiscuitImport_BK\node_modules\router\lib\layer.js:152:17)
    at next (C:\Users\blachheb\Desktop\Projects\BiscuitImport\BiscuitImport_BK\node_modules\router\lib\route.js:157:13)
    at Route.dispatch (C:\Users\blachheb\Desktop\Projects\BiscuitImport\BiscuitImport_BK\node_modules\router\lib\route.js:117:3)
    at handle (C:\Users\blachheb\Desktop\Projects\BiscuitImport\BiscuitImport_BK\node_modules\router\index.js:435:11)
    at Layer.handleRequest (C:\Users\blachheb\Desktop\Projects\BiscuitImport\BiscuitImport_BK\node_modules\router\lib\layer.js:152:17)
    at C:\Users\blachheb\Desktop\Projects\BiscuitImport\BiscuitImport_BK\node_modules\router\index.js:295:15
    at processParams (C:\Users\blachheb\Desktop\Projects\BiscuitImport\BiscuitImport_BK\node_modules\router\index.js:582:12)
    at next (C:\Users\blachheb\Desktop\Projects\BiscuitImport\BiscuitImport_BK\node_modules\router\index.js:291:5)
2026-01-13T15:46:45.700Z info: POST /auth/register 400 2.493 ms {"first_name":"string","last_name":"string","email":"b@gmail.com","phone":"string","password":"string"}
2026-01-13T15:47:13.617Z error: Error: Invalid phone
    at Object.register (C:\Users\blachheb\Desktop\Projects\BiscuitImport\BiscuitImport_BK\src\services\auth.service.js:27:17)
    at register (C:\Users\blachheb\Desktop\Projects\BiscuitImport\BiscuitImport_BK\src\controllers\auth.controller.js:7:36)
    at Layer.handleRequest (C:\Users\blachheb\Desktop\Projects\BiscuitImport\BiscuitImport_BK\node_modules\router\lib\layer.js:152:17)
    at next (C:\Users\blachheb\Desktop\Projects\BiscuitImport\BiscuitImport_BK\node_modules\router\lib\route.js:157:13)
    at Route.dispatch (C:\Users\blachheb\Desktop\Projects\BiscuitImport\BiscuitImport_BK\node_modules\router\lib\route.js:117:3)
    at handle (C:\Users\blachheb\Desktop\Projects\BiscuitImport\BiscuitImport_BK\node_modules\router\index.js:435:11)
    at Layer.handleRequest (C:\Users\blachheb\Desktop\Projects\BiscuitImport\BiscuitImport_BK\node_modules\router\lib\layer.js:152:17)
    at C:\Users\blachheb\Desktop\Projects\BiscuitImport\BiscuitImport_BK\node_modules\router\index.js:295:15
    at processParams (C:\Users\blachheb\Desktop\Projects\BiscuitImport\BiscuitImport_BK\node_modules\router\index.js:582:12)
    at next (C:\Users\blachheb\Desktop\Projects\BiscuitImport\BiscuitImport_BK\node_modules\router\index.js:291:5)
2026-01-13T15:47:13.619Z info: POST /auth/register 400 2.173 ms {"first_name":"string","last_name":"string","email":"b@gmail.com","phone":"string","password":"string"}
2026-01-13T15:47:27.937Z info: User registered: b@gmail.com
2026-01-13T15:47:27.939Z info: POST /auth/register 201 81.073 ms {"first_name":"string","last_name":"string","email":"b@gmail.com","phone":"067777777777","password":"string"}
2026-01-13T15:54:20.994Z error: Error: Email already exists
    at Object.register (C:\Users\blachheb\Desktop\Projects\BiscuitImport\BiscuitImport_BK\src\services\auth.service.js:34:17)
    at async register (C:\Users\blachheb\Desktop\Projects\BiscuitImport\BiscuitImport_BK\src\controllers\auth.controller.js:7:18)
2026-01-13T15:54:20.996Z info: POST /auth/register 409 3.261 ms {"first_name":"string","last_name":"string","email":"b@gmail.com","phone":"067777777777","password":"string"}
2026-01-13T15:54:47.442Z info: Server listening on port 3000
2026-01-13T15:54:47.458Z info: Base SQLite connectée avec succès
2026-01-13T15:55:19.269Z info: Server listening on port 3000
2026-01-13T15:55:19.279Z info: Base SQLite connectée avec succès
2026-01-13T15:55:39.892Z info: User registered: test.user@example.com
2026-01-13T15:55:39.900Z info: POST /auth/register 201 128.629 ms {"email":"test.user@example.com","last_name":"User","first_name":"Test","phone":"123456789","password":"Secret123!"}
2026-01-13T15:56:17.062Z info: User registered: test2.user2@example.com
2026-01-13T15:56:17.064Z info: POST /auth/register 201 85.539 ms {"email":"test2.user2@example.com","last_name":"User2","first_name":"Test2","phone":"123456789","password":"Secret123!"}
2026-01-13T15:56:36.100Z info: User registered: later.deact@example.com
2026-01-13T15:56:36.104Z info: POST /auth/register 201 108.293 ms {"password":"Secret123!","first_name":"Later","phone":"987654321","email":"later.deact@example.com","deactivated_at":"2025-12-31","last_name":"Deact"}
2026-01-13T15:57:49.034Z info: Server listening on port 3000
2026-01-13T15:57:49.043Z info: Base SQLite connectée avec succès
2026-01-13T15:58:06.710Z info: Server listening on port 3000
2026-01-13T15:58:06.719Z info: Base SQLite connectée avec succès
2026-01-13T15:58:12.354Z info: Server listening on port 3000
2026-01-13T15:58:12.366Z info: Base SQLite connectée avec succès
2026-01-13T15:58:19.877Z info: Server listening on port 3000
2026-01-13T15:58:19.889Z info: Base SQLite connectée avec succès
2026-01-13T15:58:26.819Z info: Server listening on port 3000
2026-01-13T15:58:26.832Z info: Base SQLite connectée avec succès
2026-01-13T15:58:33.611Z info: Server listening on port 3000
2026-01-13T15:58:33.621Z info: Base SQLite connectée avec succès
2026-01-13T15:58:42.378Z info: Server listening on port 3000
2026-01-13T15:58:42.385Z info: Base SQLite connectée avec succès
2026-01-13T15:58:48.792Z info: Server listening on port 3000
2026-01-13T15:58:48.804Z info: Base SQLite connectée avec succès
2026-01-13T15:59:02.005Z error: Error: SQLITE_ERROR: no such column: modified_at
--> in Database#get('SELECT id, first_name, last_name, email, phone, role, created_at, modified_at, deactivated_at FROM users WHERE id = ?', [ 5 ], [Function (anonymous)])
    at Statement.<anonymous> (C:\Users\blachheb\Desktop\Projects\BiscuitImport\BiscuitImport_BK\src\models\user.model.js:44:10)
2026-01-13T15:59:02.016Z info: POST /auth/register 500 139.241 ms {"email":"mod.create@example.com","last_name":"Create","first_name":"ModTest","phone":"111222333","password":"Secret123!"}
2026-01-13T15:59:25.365Z info: Server listening on port 3000
2026-01-13T15:59:25.376Z info: Base SQLite connectée avec succès
2026-01-13T15:59:30.282Z info: User registered: mod.create2@example.com
2026-01-13T15:59:30.288Z info: POST /auth/register 201 156.971 ms {"email":"mod.create2@example.com","last_name":"Create2","first_name":"ModTest2","phone":"111222333","password":"Secret123!"}
2026-01-13T15:59:46.663Z info: Server listening on port 3000
2026-01-13T15:59:46.671Z info: Base SQLite connectée avec succès
2026-01-13T16:00:22.097Z info: User registered: mod.create3@example.com
2026-01-13T16:00:22.105Z info: POST /auth/register 201 116.911 ms {"email":"mod.create3@example.com","last_name":"Create3","first_name":"ModTest3","phone":"111222333","password":"Secret123!"}
2026-01-13T16:00:47.102Z info: GET /api-docs/ 304 3.701 ms -
2026-01-13T16:00:47.212Z info: GET /api-docs/swagger-ui.css 304 5.233 ms -
2026-01-13T16:00:47.235Z info: GET /api-docs/swagger-ui-bundle.js 304 1.442 ms -
2026-01-13T16:00:47.250Z info: GET /api-docs/swagger-ui-standalone-preset.js 304 1.153 ms -
2026-01-13T16:00:47.256Z info: GET /api-docs/swagger-ui-init.js 200 1.454 ms -
2026-01-13T16:00:47.691Z info: GET /api-docs/favicon-32x32.png 304 3.730 ms -
2026-01-13T16:02:27.403Z info: Server listening on port 3000
2026-01-13T16:02:27.415Z info: Base SQLite connectée avec succès
2026-01-14T14:36:05.651Z info: Server listening on port 3000
2026-01-14T14:36:05.667Z info: Base SQLite connectée avec succès
2026-01-14T14:36:06.370Z info: GET /api-docs/ 304 15.812 ms -
2026-01-14T14:36:06.584Z info: GET /api-docs/swagger-ui.css 304 5.487 ms -
2026-01-14T14:36:06.590Z info: GET /api-docs/swagger-ui-init.js 304 1.112 ms -
2026-01-14T14:36:06.593Z info: GET /api-docs/swagger-ui-bundle.js 304 11.618 ms -
2026-01-14T14:36:06.601Z info: GET /api-docs/swagger-ui-standalone-preset.js 304 2.918 ms -
2026-01-14T14:36:06.828Z info: GET /api-docs/favicon-32x32.png 304 2.222 ms -
2026-01-14T14:36:11.020Z info: DELETE /auth/deactivate 401 2.921 ms -
2026-01-14T15:34:42.751Z info: GET /auth/profile 401 2.668 ms -
2026-01-14T15:35:12.381Z error: Error: Invalid credentials
    at Object.login (C:\Users\blachheb\Desktop\Projects\BiscuitImport\BiscuitImport_BK\src\services\auth.service.js:63:17)
    at async login (C:\Users\blachheb\Desktop\Projects\BiscuitImport\BiscuitImport_BK\src\controllers\auth.controller.js:19:18)
2026-01-14T15:35:12.387Z info: POST /auth/login 401 185.939 ms {"email":"string","password":"string"}
2026-01-14T15:35:39.273Z info: User login: b@gmail.com
2026-01-14T15:35:39.275Z info: POST /auth/login 200 119.848 ms {"email":"b@gmail.com","password":"string"}
2026-01-14T15:44:54.082Z info: Server listening on port 3000
2026-01-14T15:44:54.092Z info: Base SQLite connectée avec succès
2026-01-14T15:45:21.077Z info: GET /api-docs/ 304 5.539 ms -
2026-01-14T15:45:21.112Z info: GET /api-docs/swagger-ui.css 304 4.112 ms -
2026-01-14T15:45:21.117Z info: GET /api-docs/swagger-ui-init.js 304 0.486 ms -
2026-01-14T15:45:21.120Z info: GET /api-docs/swagger-ui-bundle.js 304 4.511 ms -
2026-01-14T15:45:21.124Z info: GET /api-docs/swagger-ui-standalone-preset.js 304 8.290 ms -
2026-01-14T15:45:21.371Z info: GET /api-docs/favicon-32x32.png 304 1.210 ms -
2026-01-14T15:45:31.483Z info: GET /api/users 200 3.183 ms -
2026-01-14T15:47:17.712Z info: Server listening on port 3000
2026-01-14T15:47:17.733Z info: Base SQLite connectée avec succès
2026-01-14T15:47:22.608Z info: Server listening on port 3000
2026-01-14T15:47:22.630Z info: Base SQLite connectée avec succès
2026-01-14T15:48:09.568Z info: GET /api/users 401 3.165 ms -
2026-01-14T15:48:48.313Z info: User login: b@gmail.com
2026-01-14T15:48:48.319Z info: POST /auth/login 200 189.618 ms {"email":"b@gmail.com","password":"string"}
2026-01-14T15:51:21.214Z info: GET /api/users 200 5.690 ms -
2026-01-14T17:05:13.044Z info: DELETE /auth/deactivate 401 4.384 ms -
2026-01-14T17:07:25.421Z info: Server listening on port 3000
2026-01-14T17:07:25.439Z info: Base SQLite connectée avec succès
2026-01-14T17:08:38.105Z info: Server listening on port 3000
2026-01-14T17:08:38.118Z info: Base SQLite connectée avec succès
2026-01-14T17:08:52.924Z info: Server listening on port 3000
2026-01-14T17:08:52.930Z info: Base SQLite connectée avec succès
2026-01-14T17:09:17.086Z info: Server listening on port 3000
2026-01-14T17:09:17.098Z info: Base SQLite connectée avec succès
2026-01-14T17:09:25.477Z info: Server listening on port 3000
2026-01-14T17:09:25.501Z info: Base SQLite connectée avec succès
2026-01-14T17:09:29.916Z info: Server listening on port 3000
2026-01-14T17:09:29.932Z info: Base SQLite connectée avec succès
2026-01-14T17:09:33.145Z info: Server listening on port 3000
2026-01-14T17:09:33.158Z info: Base SQLite connectée avec succès
2026-01-14T17:09:38.093Z info: Server listening on port 3000
2026-01-14T17:09:38.111Z info: Base SQLite connectée avec succès
2026-01-14T17:09:46.328Z info: Server listening on port 3000
2026-01-14T17:09:46.346Z info: Base SQLite connectée avec succès
2026-01-14T17:10:49.996Z info: Server listening on port 3000
2026-01-14T17:10:50.012Z info: Base SQLite connectée avec succès
2026-01-14T17:11:13.757Z info: ACTION login email=b@gmail.com userId=1
2026-01-14T17:11:13.766Z info: POST /auth/login 200 225.576 ms {"email":"b@gmail.com","password":"string"}
2026-01-14T17:11:36.405Z info: ACTION login email=b@gmail.com userId=1
2026-01-14T17:11:36.408Z info: POST /auth/login 200 93.468 ms {"email":"b@gmail.com","password":"string"}
2026-01-14T17:12:27.534Z info: Server listening on port 3000
2026-01-14T17:12:27.557Z info: Base SQLite connectée avec succès
2026-01-14T17:14:41.072Z info: Server listening on port 3000
2026-01-14T17:14:41.089Z info: Base SQLite connectée avec succès
2026-01-14T17:22:33.755Z info: Server listening on port 3000
2026-01-14T17:22:33.791Z info: Base SQLite connectée avec succès
2026-01-14T20:47:53.094Z info: Server listening on port 3000
2026-01-14T20:47:53.104Z info: Base SQLite connectée avec succès
2026-01-14T20:50:09.988Z info: Server listening on port 3000
2026-01-14T20:50:09.998Z info: Base SQLite connectée avec succès
2026-01-14T20:51:16.425Z info: Server listening on port 3000
2026-01-14T20:51:16.431Z info: Base SQLite connectée avec succès
2026-01-14T20:51:19.784Z info: GET /api-docs/ 304 10.965 ms -
2026-01-14T20:51:34.408Z info: GET /api-docs/ 304 0.981 ms -
2026-01-14T20:51:34.449Z info: GET /api-docs/swagger-ui.css 304 4.151 ms -
2026-01-14T20:51:34.454Z info: GET /api-docs/swagger-ui-init.js 200 0.609 ms -
2026-01-14T20:51:34.458Z info: GET /api-docs/swagger-ui-bundle.js 304 5.290 ms -
2026-01-14T20:51:34.460Z info: GET /api-docs/swagger-ui-standalone-preset.js 304 6.922 ms -
2026-01-14T20:51:34.830Z info: GET /api-docs/favicon-32x32.png 304 0.801 ms -
2026-01-14T20:51:42.860Z info: GET /api-docs/ 304 1.063 ms -
2026-01-14T20:51:42.897Z info: GET /api-docs/swagger-ui.css 304 2.460 ms -
2026-01-14T20:51:42.906Z info: GET /api-docs/swagger-ui-standalone-preset.js 304 1.619 ms -
2026-01-14T20:51:42.919Z info: GET /api-docs/swagger-ui-init.js 304 2.782 ms -
2026-01-14T20:51:42.925Z info: GET /api-docs/swagger-ui-bundle.js 304 1.986 ms -
2026-01-14T20:51:43.125Z info: GET /api-docs/favicon-32x32.png 304 1.289 ms -
2026-01-14T22:51:26.567Z info: Server listening on port 3000
2026-01-14T22:51:26.582Z info: Base SQLite connectée avec succès
2026-01-14T22:54:37.840Z info: Server listening on port 3000
2026-01-14T22:54:37.848Z info: Base SQLite connectée avec succès
2026-01-14T22:54:42.898Z info: Server listening on port 3000
2026-01-14T22:54:42.916Z info: Base SQLite connectée avec succès
2026-01-14T22:54:52.375Z info: Server listening on port 3000
2026-01-14T22:54:52.384Z info: Base SQLite connectée avec succès
2026-01-14T22:54:56.575Z info: Server listening on port 3000
2026-01-14T22:54:56.584Z info: Base SQLite connectée avec succès
2026-01-14T22:55:07.866Z info: Server listening on port 3000
2026-01-14T22:55:07.883Z info: Base SQLite connectée avec succès
2026-01-14T22:55:11.969Z info: Server listening on port 3000
2026-01-14T22:55:11.987Z info: Base SQLite connectée avec succès
2026-01-14T22:55:18.844Z info: Server listening on port 3000
2026-01-14T22:55:18.856Z info: Base SQLite connectée avec succès
2026-01-14T22:55:22.902Z info: Server listening on port 3000
2026-01-14T22:55:22.910Z info: Base SQLite connectée avec succès
2026-01-14T22:55:28.194Z info: Server listening on port 3000
2026-01-14T22:55:28.207Z info: Base SQLite connectée avec succès
2026-01-14T22:55:32.708Z info: Server listening on port 3000
2026-01-14T22:55:32.720Z info: Base SQLite connectée avec succès
2026-01-14T22:55:50.011Z info: Server listening on port 3000
2026-01-14T22:55:50.016Z info: Base SQLite connectée avec succès
