2026-01-13T15:45:23.097Z error: Error: Invalid phone
    at Object.register (C:\Users\blachheb\Desktop\Projects\BiscuitImport\BiscuitImport_BK\src\services\auth.service.js:27:17)
    at register (C:\Users\blachheb\Desktop\Projects\BiscuitImport\BiscuitImport_BK\src\controllers\auth.controller.js:7:36)
    at Layer.handleRequest (C:\Users\blachheb\Desktop\Projects\BiscuitImport\BiscuitImport_BK\node_modules\router\lib\layer.js:152:17)
    at next (C:\Users\blachheb\Desktop\Projects\BiscuitImport\BiscuitImport_BK\node_modules\router\lib\route.js:157:13)
    at Route.dispatch (C:\Users\blachheb\Desktop\Projects\BiscuitImport\BiscuitImport_BK\node_modules\router\lib\route.js:117:3)
    at handle (C:\Users\blachheb\Desktop\Projects\BiscuitImport\BiscuitImport_BK\node_modules\router\index.js:435:11)
    at Layer.handleRequest (C:\Users\blachheb\Desktop\Projects\BiscuitImport\BiscuitImport_BK\node_modules\router\lib\layer.js:152:17)
    at C:\Users\blachheb\Desktop\Projects\BiscuitImport\BiscuitImport_BK\node_modules\router\index.js:295:15
    at processParams (C:\Users\blachheb\Desktop\Projects\BiscuitImport\BiscuitImport_BK\node_modules\router\index.js:582:12)
    at next (C:\Users\blachheb\Desktop\Projects\BiscuitImport\BiscuitImport_BK\node_modules\router\index.js:291:5)
2026-01-13T15:45:44.176Z error: Error: Invalid email
    at Object.register (C:\Users\blachheb\Desktop\Projects\BiscuitImport\BiscuitImport_BK\src\services\auth.service.js:22:17)
    at register (C:\Users\blachheb\Desktop\Projects\BiscuitImport\BiscuitImport_BK\src\controllers\auth.controller.js:7:36)
    at Layer.handleRequest (C:\Users\blachheb\Desktop\Projects\BiscuitImport\BiscuitImport_BK\node_modules\router\lib\layer.js:152:17)
    at next (C:\Users\blachheb\Desktop\Projects\BiscuitImport\BiscuitImport_BK\node_modules\router\lib\route.js:157:13)
    at Route.dispatch (C:\Users\blachheb\Desktop\Projects\BiscuitImport\BiscuitImport_BK\node_modules\router\lib\route.js:117:3)
    at handle (C:\Users\blachheb\Desktop\Projects\BiscuitImport\BiscuitImport_BK\node_modules\router\index.js:435:11)
    at Layer.handleRequest (C:\Users\blachheb\Desktop\Projects\BiscuitImport\BiscuitImport_BK\node_modules\router\lib\layer.js:152:17)
    at C:\Users\blachheb\Desktop\Projects\BiscuitImport\BiscuitImport_BK\node_modules\router\index.js:295:15
    at processParams (C:\Users\blachheb\Desktop\Projects\BiscuitImport\BiscuitImport_BK\node_modules\router\index.js:582:12)
    at next (C:\Users\blachheb\Desktop\Projects\BiscuitImport\BiscuitImport_BK\node_modules\router\index.js:291:5)
2026-01-13T15:45:45.027Z error: Error: Invalid email
    at Object.register (C:\Users\blachheb\Desktop\Projects\BiscuitImport\BiscuitImport_BK\src\services\auth.service.js:22:17)
    at register (C:\Users\blachheb\Desktop\Projects\BiscuitImport\BiscuitImport_BK\src\controllers\auth.controller.js:7:36)
    at Layer.handleRequest (C:\Users\blachheb\Desktop\Projects\BiscuitImport\BiscuitImport_BK\node_modules\router\lib\layer.js:152:17)
    at next (C:\Users\blachheb\Desktop\Projects\BiscuitImport\BiscuitImport_BK\node_modules\router\lib\route.js:157:13)
    at Route.dispatch (C:\Users\blachheb\Desktop\Projects\BiscuitImport\BiscuitImport_BK\node_modules\router\lib\route.js:117:3)
    at handle (C:\Users\blachheb\Desktop\Projects\BiscuitImport\BiscuitImport_BK\node_modules\router\index.js:435:11)
    at Layer.handleRequest (C:\Users\blachheb\Desktop\Projects\BiscuitImport\BiscuitImport_BK\node_modules\router\lib\layer.js:152:17)
    at C:\Users\blachheb\Desktop\Projects\BiscuitImport\BiscuitImport_BK\node_modules\router\index.js:295:15
    at processParams (C:\Users\blachheb\Desktop\Projects\BiscuitImport\BiscuitImport_BK\node_modules\router\index.js:582:12)
    at next (C:\Users\blachheb\Desktop\Projects\BiscuitImport\BiscuitImport_BK\node_modules\router\index.js:291:5)
2026-01-13T15:46:45.698Z error: Error: Invalid phone
    at Object.register (C:\Users\blachheb\Desktop\Projects\BiscuitImport\BiscuitImport_BK\src\services\auth.service.js:27:17)
    at register (C:\Users\blachheb\Desktop\Projects\BiscuitImport\BiscuitImport_BK\src\controllers\auth.controller.js:7:36)
    at Layer.handleRequest (C:\Users\blachheb\Desktop\Projects\BiscuitImport\BiscuitImport_BK\node_modules\router\lib\layer.js:152:17)
    at next (C:\Users\blachheb\Desktop\Projects\BiscuitImport\BiscuitImport_BK\node_modules\router\lib\route.js:157:13)
    at Route.dispatch (C:\Users\blachheb\Desktop\Projects\BiscuitImport\BiscuitImport_BK\node_modules\router\lib\route.js:117:3)
    at handle (C:\Users\blachheb\Desktop\Projects\BiscuitImport\BiscuitImport_BK\node_modules\router\index.js:435:11)
    at Layer.handleRequest (C:\Users\blachheb\Desktop\Projects\BiscuitImport\BiscuitImport_BK\node_modules\router\lib\layer.js:152:17)
    at C:\Users\blachheb\Desktop\Projects\BiscuitImport\BiscuitImport_BK\node_modules\router\index.js:295:15
    at processParams (C:\Users\blachheb\Desktop\Projects\BiscuitImport\BiscuitImport_BK\node_modules\router\index.js:582:12)
    at next (C:\Users\blachheb\Desktop\Projects\BiscuitImport\BiscuitImport_BK\node_modules\router\index.js:291:5)
2026-01-13T15:47:13.617Z error: Error: Invalid phone
    at Object.register (C:\Users\blachheb\Desktop\Projects\BiscuitImport\BiscuitImport_BK\src\services\auth.service.js:27:17)
    at register (C:\Users\blachheb\Desktop\Projects\BiscuitImport\BiscuitImport_BK\src\controllers\auth.controller.js:7:36)
    at Layer.handleRequest (C:\Users\blachheb\Desktop\Projects\BiscuitImport\BiscuitImport_BK\node_modules\router\lib\layer.js:152:17)
    at next (C:\Users\blachheb\Desktop\Projects\BiscuitImport\BiscuitImport_BK\node_modules\router\lib\route.js:157:13)
    at Route.dispatch (C:\Users\blachheb\Desktop\Projects\BiscuitImport\BiscuitImport_BK\node_modules\router\lib\route.js:117:3)
    at handle (C:\Users\blachheb\Desktop\Projects\BiscuitImport\BiscuitImport_BK\node_modules\router\index.js:435:11)
    at Layer.handleRequest (C:\Users\blachheb\Desktop\Projects\BiscuitImport\BiscuitImport_BK\node_modules\router\lib\layer.js:152:17)
    at C:\Users\blachheb\Desktop\Projects\BiscuitImport\BiscuitImport_BK\node_modules\router\index.js:295:15
    at processParams (C:\Users\blachheb\Desktop\Projects\BiscuitImport\BiscuitImport_BK\node_modules\router\index.js:582:12)
    at next (C:\Users\blachheb\Desktop\Projects\BiscuitImport\BiscuitImport_BK\node_modules\router\index.js:291:5)
2026-01-13T15:54:20.994Z error: Error: Email already exists
    at Object.register (C:\Users\blachheb\Desktop\Projects\BiscuitImport\BiscuitImport_BK\src\services\auth.service.js:34:17)
    at async register (C:\Users\blachheb\Desktop\Projects\BiscuitImport\BiscuitImport_BK\src\controllers\auth.controller.js:7:18)
2026-01-13T15:59:02.005Z error: Error: SQLITE_ERROR: no such column: modified_at
--> in Database#get('SELECT id, first_name, last_name, email, phone, role, created_at, modified_at, deactivated_at FROM users WHERE id = ?', [ 5 ], [Function (anonymous)])
    at Statement.<anonymous> (C:\Users\blachheb\Desktop\Projects\BiscuitImport\BiscuitImport_BK\src\models\user.model.js:44:10)
2026-01-14T15:35:12.381Z error: Error: Invalid credentials
    at Object.login (C:\Users\blachheb\Desktop\Projects\BiscuitImport\BiscuitImport_BK\src\services\auth.service.js:63:17)
    at async login (C:\Users\blachheb\Desktop\Projects\BiscuitImport\BiscuitImport_BK\src\controllers\auth.controller.js:19:18)
